Meshing subdomain 1
blockfill local h
rel filldist = 0.1


Points:           870
Volume Elements:  4798

Volume elements in qualityclasses:
   0 - 0.05: 1193
0.05 -  0.1: 7
 0.1 - 0.15: 21
0.15 -  0.2: 20
 0.2 - 0.25: 59
0.25 -  0.3: 65
 0.3 - 0.35: 91
0.35 -  0.4: 97
 0.4 - 0.45: 114
0.45 -  0.5: 84
 0.5 - 0.55: 130
0.55 -  0.6: 202
 0.6 - 0.65: 243
0.65 -  0.7: 249
 0.7 - 0.75: 581
0.75 -  0.8: 380
 0.8 - 0.85: 434
0.85 -  0.9: 428
 0.9 - 0.95: 340
0.95 -    1: 60
total error: 1e+10
free: 0, fixed: 4798

Start SwapImprove
free: 0, fixed: 4798

Start SwapImprove


Points:           870
Volume Elements:  4798

Volume elements in qualityclasses:
   0 - 0.05: 1193
0.05 -  0.1: 7
 0.1 - 0.15: 21
0.15 -  0.2: 20
 0.2 - 0.25: 59
0.25 -  0.3: 65
 0.3 - 0.35: 91
0.35 -  0.4: 97
 0.4 - 0.45: 114
0.45 -  0.5: 84
 0.5 - 0.55: 130
0.55 -  0.6: 202
 0.6 - 0.65: 243
0.65 -  0.7: 249
 0.7 - 0.75: 581
0.75 -  0.8: 380
 0.8 - 0.85: 434
0.85 -  0.9: 428
 0.9 - 0.95: 340
0.95 -    1: 60
total error: 1e+10
   0 times used rule Free Tetrahedron
   0 times used rule Tetrahedron 60
   0 times used rule Tetrahedron 60 with edge(1)
   0 times used rule Tetrahedron Vis a Vis Point (1)
   0 times used rule Tetrahedron Vis a Vis Point with edge(1)
   0 times used rule Tetrahedron Vis a Vis Point with 2 edges (1)
   0 times used rule Tetrahedron Vis a Vis Point with 3 edges (1)
   0 times used rule Tetrahedron Vis a Vis Triangle (1)
   0 times used rule Octaeder 1
   0 times used rule Octaeder 2
   0 times used rule Octaeder 2a
   0 times used rule Pyramid 1
   0 times used rule Tetrahedron 2 times 60
   0 times used rule Fill Tetrahedron (1)
   0 times used rule Tetrahedron 120 (1)
   0 times used rule Tetrahedron 2 times 120 (1)
   0 times used rule four Tetrahedron non convex (4)
   0 times used rule five Tetrahedron non convex (4)
   0 times used rule four Tetrahedron non convex (6)
   0 times used rule four Tetrahedron non convex (6)
   0 times used rule three Tetrahedron non convex (4)
   0 times used rule three Tetrahedron non convex (6)
   0 times used rule four Tetrahedron non convex (6)
   0 times used rule Tetrahedron 2 in 60 (12)
   0 times used rule Tetrahedron 120, but more than 180 (13)
   0 times used rule Free Tetrahedron (14)
   0 times used rule Free Tetrahedron (15)


Points:           866
Volume Elements:  3608

Volume elements in qualityclasses:
   0 - 0.05: 7
0.05 -  0.1: 7
 0.1 - 0.15: 21
0.15 -  0.2: 20
 0.2 - 0.25: 59
0.25 -  0.3: 65
 0.3 - 0.35: 91
0.35 -  0.4: 97
 0.4 - 0.45: 110
0.45 -  0.5: 84
 0.5 - 0.55: 130
0.55 -  0.6: 202
 0.6 - 0.65: 243
0.65 -  0.7: 249
 0.7 - 0.75: 581
0.75 -  0.8: 380
 0.8 - 0.85: 434
0.85 -  0.9: 428
 0.9 - 0.95: 340
0.95 -    1: 60
total error: 1e+10
